// Jest Snapshot v1, https://goo.gl/fbAQLP

exports[`<Dropdown> should match snapshot 1`] = `
<div>
  <div
    class="sc-bdfBQB lfCfsQ"
  >
    <button
      class="sc-dlfnuX jJZYL"
      style="padding: 0px;"
    >
      <svg
        fill="white"
        fill-rule="evenodd"
        height="16"
        viewBox="0 0 16 16"
        width="16"
        xmlns="http://www.w3.org/2000/svg"
      >
        <path
          d="M8 9a1.5 1.5 0 100-3 1.5 1.5 0 000 3zM1.5 9a1.5 1.5 0 100-3 1.5 1.5 0 000 3zm13 0a1.5 1.5 0 100-3 1.5 1.5 0 000 3z"
        />
      </svg>
    </button>
    <ul
      class="sc-gsTEea gqUDwU southwest"
      style="opacity: 0;"
    >
      <li
        class="sc-hKgJUU yprVz"
      >
        Tags
      </li>
      <li
        class="sc-hKgJUU yprVz"
      >
        Tags
      </li>
      <li
        class="sc-hKgJUU yprVz"
      >
        Tags
      </li>
    </ul>
  </div>
</div>
`;
