// Jest Snapshot v1, https://goo.gl/fbAQLP

exports[`<Index /> should match snapshot 1`] = `
<div>
  <main>
    <div>
      <nav
        class="sc-gsTEea jEPedr"
      >
        <a
          class="sc-hKgJUU sc-eCstlR keQQxc fkQSOg"
          href="/"
        >
          Richard's blog
        </a>
        <div
          class="sc-dlfnuX kqAJEM"
        >
          <a
            class="sc-hKgJUU keQQxc"
            href="/about"
          >
            About
          </a>
          <a
            class="sc-hKgJUU keQQxc"
            href="/post"
          >
            About
          </a>
        </div>
        <div
          class="sc-dlfnuX bxzGnt"
        >
          <a
            class="sc-hKgJUU keQQxc"
            href="https://github.com/richardnguyen99/therichardblog"
          >
            Github
          </a>
          <span
            class="sc-hKgJUU keQQxc"
            href=""
            style="margin-right: 0px;"
            to=""
          >
            <div
              class="sc-jSgvzq hTFgyW"
            >
              <div
                class="sc-pGacB dHoZoM"
              >
                <div
                  class="sc-jrAFXE lhdLbn"
                  style="opacity: 0;"
                >
                  More
                </div>
                <div>
                  <button
                    class="sc-iBPTik sBHNH"
                    style="padding: 0px;"
                  >
                    <svg
                      fill="white"
                      fill-rule="evenodd"
                      height="16"
                      viewBox="0 0 16 16"
                      width="16"
                      xmlns="http://www.w3.org/2000/svg"
                    >
                      <path
                        d="M8 9a1.5 1.5 0 100-3 1.5 1.5 0 000 3zM1.5 9a1.5 1.5 0 100-3 1.5 1.5 0 000 3zm13 0a1.5 1.5 0 100-3 1.5 1.5 0 000 3z"
                      />
                    </svg>
                  </button>
                </div>
              </div>
              <ul
                class="sc-gKseQn fsukdw southwest"
                style="opacity: 0; display: false;"
              >
                <li
                  class="sc-fubCzh kJPbRp"
                >
                  Tags
                </li>
                <li
                  class="sc-fubCzh kJPbRp"
                >
                  Tags
                </li>
                <li
                  class="sc-fubCzh kJPbRp"
                >
                  Tags
                </li>
              </ul>
            </div>
          </span>
        </div>
      </nav>
      <div
        id="content"
      >
        <title>
          PostPage
        </title>
        <section
          class="sc-kEjbQP bmmreG"
        >
          <h1
            class="sc-iqHYmW iXLnaM"
          >
            The latest from Richard.
            <span
              class="sc-crrszt JeRgZ"
            >
              |
            </span>
          </h1>
        </section>
      </div>
    </div>
  </main>
</div>
`;
