// Jest Snapshot v1, https://goo.gl/fbAQLP

exports[`<Index /> should match snapshot 1`] = `
<div>
  <main>
    <div>
      <nav
        class="sc-gsTEea cpiqBL"
      >
        <a
          aria-current="page"
          class="sc-hKgJUU sc-eCstlR keQQxc cueUSn"
          href="/"
        >
          The Richard's blog
        </a>
        <div
          class="sc-dlfnuX DrHGo"
        >
          <a
            class="sc-hKgJUU keQQxc"
            href="/about"
          >
            About
          </a>
          <a
            class="sc-hKgJUU keQQxc"
            href="/post"
          >
            Post
          </a>
        </div>
        <div
          class="sc-dlfnuX egtcNB"
        >
          <a
            class="sc-hKgJUU keQQxc"
            href="https://github.com/richardnguyen99/therichardblog"
          >
            Github
          </a>
          <span
            class="sc-hKgJUU keQQxc"
            href=""
            to=""
          >
            <div
              class="sc-jSgvzq hTFgyW"
            >
              <div
                class="sc-pGacB dHoZoM"
              >
                <div
                  class="sc-jrAFXE lhdLbn"
                  style="opacity: 0;"
                >
                  More
                </div>
                <div>
                  <button
                    class="sc-iBPTik sBHNH"
                    style="padding: 0px;"
                  >
                    <svg
                      fill="white"
                      fill-rule="evenodd"
                      height="16"
                      viewBox="0 0 16 16"
                      width="16"
                      xmlns="http://www.w3.org/2000/svg"
                    >
                      <path
                        d="M8 9a1.5 1.5 0 100-3 1.5 1.5 0 000 3zM1.5 9a1.5 1.5 0 100-3 1.5 1.5 0 000 3zm13 0a1.5 1.5 0 100-3 1.5 1.5 0 000 3z"
                      />
                    </svg>
                  </button>
                </div>
              </div>
              <ul
                class="sc-gKseQn fsukdw southwest"
                style="opacity: 0; display: false;"
              >
                <li
                  class="sc-fubCzh kJPbRp"
                >
                  Tags
                </li>
                <li
                  class="sc-fubCzh kJPbRp"
                >
                  Tags
                </li>
                <li
                  class="sc-fubCzh kJPbRp"
                >
                  Tags
                </li>
              </ul>
            </div>
          </span>
        </div>
      </nav>
      <div
        id="content"
      >
        <section
          class="sc-idOiZg kAXVqK"
        >
          <h1
            class="sc-dIUeWJ fnUcXX"
          >
            The latest from Richard.
          </h1>
        </section>
      </div>
      <footer
        class="sc-kEjbQP cclyCz"
      >
        <div
          class="sc-iqHYmW hnJCEo"
        >
          <div
            class="sc-crrszt jjFfkQ"
          >
            <div
              class="sc-dQoVA oxzCN"
            >
              The Richard's blog
            </div>
            <div
              class="sc-bqyKOL ggkAXq"
            >
              <div
                class="sc-kstqJO"
              >
                <h4
                  class="sc-hBEYId eBOXVv"
                >
                  Connection
                </h4>
                <ul
                  class="sc-fodVek iOFkns"
                >
                  <li
                    class="sc-fFucqa bFYFFk"
                  >
                    <a
                      href="#"
                    >
                      Facebook
                    </a>
                  </li>
                  <li
                    class="sc-fFucqa bFYFFk"
                  >
                    <a
                      href="#"
                    >
                      Facebook
                    </a>
                  </li>
                  <li
                    class="sc-fFucqa bFYFFk"
                  >
                    <a
                      href="#"
                    >
                      Facebook
                    </a>
                  </li>
                </ul>
              </div>
              <div
                class="sc-kstqJO"
              >
                <h4
                  class="sc-hBEYId eBOXVv"
                >
                  Connection
                </h4>
                <ul
                  class="sc-fodVek iOFkns"
                >
                  <li
                    class="sc-fFucqa bFYFFk"
                  >
                    <a
                      href="#"
                    >
                      Facebook
                    </a>
                  </li>
                  <li
                    class="sc-fFucqa bFYFFk"
                  >
                    <a
                      href="#"
                    >
                      Facebook
                    </a>
                  </li>
                  <li
                    class="sc-fFucqa bFYFFk"
                  >
                    <a
                      href="#"
                    >
                      Facebook
                    </a>
                  </li>
                </ul>
              </div>
              <div
                class="sc-kstqJO"
              >
                <h4
                  class="sc-hBEYId eBOXVv"
                >
                  Connection
                </h4>
                <ul
                  class="sc-fodVek iOFkns"
                >
                  <li
                    class="sc-fFucqa bFYFFk"
                  >
                    <a
                      href="#"
                    >
                      Facebook
                    </a>
                  </li>
                  <li
                    class="sc-fFucqa bFYFFk"
                  >
                    <a
                      href="#"
                    >
                      Facebook
                    </a>
                  </li>
                  <li
                    class="sc-fFucqa bFYFFk"
                  >
                    <a
                      href="#"
                    >
                      Facebook
                    </a>
                  </li>
                </ul>
              </div>
              <div
                class="sc-kstqJO"
              >
                <h4
                  class="sc-hBEYId eBOXVv"
                >
                  Connection
                </h4>
                <ul
                  class="sc-fodVek iOFkns"
                >
                  <li
                    class="sc-fFucqa bFYFFk"
                  >
                    <a
                      href="#"
                    >
                      Facebook
                    </a>
                  </li>
                  <li
                    class="sc-fFucqa bFYFFk"
                  >
                    <a
                      href="#"
                    >
                      Facebook
                    </a>
                  </li>
                  <li
                    class="sc-fFucqa bFYFFk"
                  >
                    <a
                      href="#"
                    >
                      Facebook
                    </a>
                  </li>
                </ul>
              </div>
            </div>
          </div>
          <div
            class="sc-bkzYnD glPmbI"
          >
            <span>
              <img
                alt="Made by Richard with love"
                src="https://img.shields.io/static/v1?label=Made by Richard&message=with ♥&color=red"
              />
            </span>
            <span>
              <a
                href="https://github.com/richardnguyen99/therichardblog/"
              >
                Github repo
              </a>
            </span>
          </div>
        </div>
      </footer>
    </div>
  </main>
</div>
`;
