// Jest Snapshot v1, https://goo.gl/fbAQLP

exports[`<Navbar /> should match snapshot 1`] = `
<div>
  <nav
    class="sc-bdfBQB MKTIf"
  >
    <a
      class="sc-dlfnuX sc-hKgJUU iWCnRH eOFVTJ"
      href="/"
    >
      Richard's blog
    </a>
    <div
      class="sc-gsTEea evDERg"
    >
      <a
        class="sc-dlfnuX iWCnRH"
        href="/about"
      >
        About
      </a>
      <a
        class="sc-dlfnuX iWCnRH"
        href="/post"
      >
        About
      </a>
    </div>
    <div
      class="sc-gsTEea hhKWjN"
    >
      <a
        class="sc-dlfnuX iWCnRH"
        href="https://github.com/richardnguyen99/therichardblog"
      >
        Github
      </a>
    </div>
  </nav>
</div>
`;
