// Jest Snapshot v1, https://goo.gl/fbAQLP

exports[`<Navbar /> should match snapshot 1`] = `
<div>
  <nav
    class="sc-bdfBQB ldFzRU"
  >
    <div
      class="sc-gsTEea eUmaRI"
    >
      <a
        class="sc-eCstlR sc-jSgvzq jQdtAh hgJpQr"
        href="/"
      >
        Richard's blog
      </a>
      <div
        class="sc-hKgJUU grvUcg"
      >
        <a
          class="sc-eCstlR jQdtAh"
          href="/about"
        >
          About
        </a>
        <a
          class="sc-eCstlR jQdtAh"
          href="/post"
        >
          About
        </a>
      </div>
      <div
        class="sc-hKgJUU dLRrWN"
      >
        <a
          class="sc-eCstlR jQdtAh"
          href="https://github.com/richardnguyen99/therichardblog"
        >
          Github
        </a>
      </div>
    </div>
    <div
      class="sc-dlfnuX dOpBQc"
      style="display: none; top: 76px; width: 0px; left: 0px;"
    />
  </nav>
</div>
`;
